src/App.tsx(4,26): error TS6133: 'Filter' is declared but its value is never read.
src/App.tsx(4,44): error TS6133: 'Users' is declared but its value is never read.
